// Jest Snapshot v1, https://goo.gl/fbAQLP

exports[`<Loader /> snapshot 1`] = `
<Loader
  message="Lorem ipsum"
>
  <Styled(View)>
    <StyledNativeComponent
      forwardedComponent={
        Object {
          "$$typeof": Symbol(react.forward_ref),
          "attrs": Array [],
          "displayName": "Styled(View)",
          "inlineStyle": InlineStyle {
            "rules": Array [
              "
  height: 100%;
  justify-content: center;
  align-items: center;
",
            ],
          },
          "render": [Function],
          "styledComponentId": "StyledNativeComponent",
          "target": [Function],
          "withComponent": [Function],
        }
      }
      forwardedRef={null}
    >
      <View
        style={
          Array [
            Object {
              "alignItems": "center",
              "height": "100%",
              "justifyContent": "center",
            },
          ]
        }
      >
        <View
          style={
            Array [
              Object {
                "alignItems": "center",
                "height": "100%",
                "justifyContent": "center",
              },
            ]
          }
        >
          <Styled(Spinner)
            color="#ff0000"
          >
            <Spinner
              color="#ff0000"
              style={
                Object {
                  "height": 80,
                }
              }
            >
              <ActivityIndicator
                animating={true}
                color="#ff0000"
                hidesWhenStopped={true}
                size="large"
                style={
                  Object {
                    "height": 80,
                  }
                }
              >
                <ActivityIndicator
                  animating={true}
                  color="#ff0000"
                  hidesWhenStopped={true}
                  size="large"
                  style={
                    Object {
                      "height": 80,
                    }
                  }
                />
              </ActivityIndicator>
            </Spinner>
          </Styled(Spinner)>
          <Styled(Text)>
            <StyledNativeComponent
              forwardedComponent={
                Object {
                  "$$typeof": Symbol(react.forward_ref),
                  "attrs": Array [],
                  "displayName": "Styled(Text)",
                  "inlineStyle": InlineStyle {
                    "rules": Array [
                      "
  color: ",
                      [Function],
                      "
  text-align: center;
",
                    ],
                  },
                  "propTypes": Object {
                    "accessible": [Function],
                    "adjustsFontSizeToFit": [Function],
                    "allowFontScaling": [Function],
                    "disabled": [Function],
                    "ellipsizeMode": [Function],
                    "maxFontSizeMultiplier": [Function],
                    "minimumFontScale": [Function],
                    "nativeID": [Function],
                    "numberOfLines": [Function],
                    "onLayout": [Function],
                    "onLongPress": [Function],
                    "onPress": [Function],
                    "pressRetentionOffset": [Function],
                    "selectable": [Function],
                    "selectionColor": [Function],
                    "style": [Function],
                    "suppressHighlighting": [Function],
                    "testID": [Function],
                    "textBreakStrategy": [Function],
                  },
                  "render": [Function],
                  "styledComponentId": "StyledNativeComponent",
                  "target": [Function],
                  "withComponent": [Function],
                }
              }
              forwardedRef={null}
            >
              <Text
                style={
                  Array [
                    Object {
                      "color": "#000000",
                      "textAlign": "center",
                    },
                  ]
                }
              >
                <Text
                  style={
                    Array [
                      Object {
                        "color": "#000000",
                        "textAlign": "center",
                      },
                    ]
                  }
                >
                  Lorem ipsum
                </Text>
              </Text>
            </StyledNativeComponent>
          </Styled(Text)>
        </View>
      </View>
    </StyledNativeComponent>
  </Styled(View)>
</Loader>
`;
