// Jest Snapshot v1, https://goo.gl/fbAQLP

exports[`<NavMenu /> snapshot 1`] = `
<Styled(Styled(Container))
  elevation={99}
>
  <NavMenuItem
    iconName="home"
    key="Pulpit"
    onPress={[Function]}
    text="Pulpit"
  />
  <NavMenuItem
    iconName="timer"
    key="Limity"
    onPress={[Function]}
    text="Limity"
  />
  <NavMenuItem
    iconName="cash"
    key="Wydatki"
    onPress={[Function]}
    text="Wydatki"
  />
  <NavMenuItem
    iconName="folder-open"
    key="Kategorie"
    onPress={[Function]}
    text="Kategorie"
  />
  <NavMenuItem
    iconName="stats"
    key="Statystyki"
    onPress={[Function]}
    text="Statystyki"
  />
  <NavMenuItem
    iconName="settings"
    key="Ustawienia"
    onPress={[Function]}
    text="Ustawienia"
  />
  <NavMenuItem
    iconName="person"
    key="Wyloguj"
    onPress={[Function]}
    text="Wyloguj"
  />
</Styled(Styled(Container))>
`;
